<html>
<body>
<pre>
<h1>礦ision Build Log</h1>
<h2>Tool Versions:</h2>
IDE-Version: μVision V5.14.0.0
Copyright (C) 2015 ARM Ltd and ARM Germany GmbH. All rights reserved.
License Information: bird bird, bird, LIC=BUURY-ICJQ1-KPRZY-I0RFS-A8NHZ-N1FWJ
 
Tool Versions:
Toolchain:       MDK-ARM Standard  Version: 5.14.0.0
Toolchain Path:  D:\keilstm32\ARM\ARMCC\Bin
C Compiler:      Armcc.exe V5.05 update 1 (build 106)
Assembler:       Armasm.exe V5.05 update 1 (build 106)
Linker/Locator:  ArmLink.exe V5.05 update 1 (build 106)
Library Manager: ArmAr.exe V5.05 update 1 (build 106)
Hex Converter:   FromElf.exe V5.05 update 1 (build 106)
CPU DLL:         SARMCM3.DLL V5.14.0.0
Dialog DLL:      DCM.DLL V1.13.1.0
Target DLL:      STLink\ST-LINKIII-KEIL_SWO.dll V2.0.14.0_KEIL
Dialog DLL:      TCM.DLL V1.14.4.0
 
<h2>Project:</h2>
C:\Users\Bird\Desktop\机甲杯小车 - 加舵机\机甲杯小车\Project.uvprojx
Project File Date:  01/30/2026

<h2>Output:</h2>
Rebuild target 'Target 1'
assembling startup_stm32f10x_md.s...
compiling core_cm3.c...
compiling system_stm32f10x.c...
compiling misc.c...
compiling stm32f10x_adc.c...
compiling stm32f10x_bkp.c...
compiling stm32f10x_can.c...
compiling stm32f10x_cec.c...
compiling stm32f10x_crc.c...
compiling stm32f10x_dac.c...
compiling stm32f10x_dbgmcu.c...
compiling stm32f10x_dma.c...
compiling stm32f10x_exti.c...
compiling stm32f10x_flash.c...
compiling stm32f10x_fsmc.c...
compiling stm32f10x_gpio.c...
compiling stm32f10x_i2c.c...
compiling stm32f10x_iwdg.c...
compiling stm32f10x_pwr.c...
compiling stm32f10x_rcc.c...
compiling stm32f10x_rtc.c...
compiling stm32f10x_sdio.c...
compiling stm32f10x_spi.c...
compiling stm32f10x_tim.c...
compiling stm32f10x_usart.c...
compiling stm32f10x_wwdg.c...
compiling Delay.c...
compiling Key.c...
compiling PWM.c...
compiling Motor.c...
compiling Serial.c...
Hardware\Serial.c(140): warning:  #1-D: last line of file ends without a newline
  //RXD--A9 TXD--A10
Hardware\Serial.c: 1 warning, 0 errors
compiling Servo.c...
compiling Car.c...
Hardware\Car.c(38): warning:  #1-D: last line of file ends without a newline
  }
Hardware\Car.c: 1 warning, 0 errors
compiling main.c...
.\Hardware\Servo.h(10): warning:  #1-D: last line of file ends without a newline
  #endif
.\Hardware\Laser.h(13): warning:  #1-D: last line of file ends without a newline
  #endif 
User\main.c: 2 warnings, 0 errors
compiling stm32f10x_it.c...
linking...
Program Size: Code=6764 RO-data=540 RW-data=32 ZI-data=1736  
".\Objects\Project.axf" - 0 Error(s), 4 Warning(s).

<h2>Collection of Component include folders:</h2>
  C:\Users\Bird\Desktop\机甲杯小车 - 加舵机\机甲杯小车\RTE
  D:\keilstm32\ARM\PACK\Keil\STM32F1xx_DFP\2.4.1

<h2>Collection of Component Files used:</h2>
</pre>
</body>
</html>
